
.....
.....    creation date
.....

Tue Nov 27 15:13:58 MSK 2012
